== EXCEL UPLOAD TEST ==
DB cleared.
Token OK

-- T1: WITH IDs --
Status: 200 | In:3 Rej:0 Auto:0
T1 Upload: PASS
Verify M-001: PASS
Verify M-002: PASS
Verify M-003: PASS

-- T2: WITHOUT IDs --
Status: 200 | In:3 Rej:0 Auto:3
T2 Upload: PASS
Msg: Uploaded successfully | Certificate IDs auto-generated for 3 missing entries
Auto format: PASS (3)
  CERT-2026-0001 | David | ML
  CERT-2026-0003 | Eve | DS
  CERT-2026-0006 | Frank | DL
Total: PASS (6)

-- T3: DUPLICATES --
Re-upload: In:0 Rej:3
Dupe block: PASS
New auto: In:2 Auto:2
Incr IDs: PASS
Final: PASS (8)
Unique: PASS

-- REGISTRY --
M-001 | Alice | React | 2026-04-01
M-002 | Bob | Node | 2026-04-02
M-003 | Charlie | Mongo | 2026-04-03
CERT-2026-0001 | David | ML | 2026-04-04
CERT-2026-0003 | Eve | DS | 2026-04-05
CERT-2026-0006 | Frank | DL | 2026-04-06
CERT-2026-0007 | Grace | Compilers | 2026-04-07
CERT-2026-0009 | Hank | Quantum | 2026-04-08

-- T4: PDF --
PDF CERT-2026-0001: PASS (1555b)